
> landsalelk@0.1.0 build
> next build --no-lint

node.exe :  ΓÜá 
Linting is disabled.
At line:1 char:1
+ & "C:\Program Files
\nodejs/node.exe" 
"C:\Program 
Files\nodejs/node_mo 
...
+ ~~~~~~~~~~~~~~~~~~~
~~~~~~~~~~~~~~~~~~~~~
~~~~~~~~~~~~~~~~~~~~~
~~~~~~~~
    + CategoryInfo   
           : NotSpe  
  cified: ( ΓÜá Li   
 nting is disable    
d.:String) [], R    
emoteException
    + FullyQualified 
   ErrorId : Native  
  CommandError
 
   Γû▓ Next.js 15.4.8
   - Environments: .env.local, .env

   Creating an optimized production build ...
 Γ£ô Compiled successfully in 12.0s
   Checking validity of types ...
   Collecting page data ...
   Generating static pages (0/49) ...
   Generating static pages (12/49) 
   Generating static pages (24/49) 
   Generating static pages (36/49) 
 Γ£ô Generating static pages (49/49)
   Finalizing page optimization ...
   Collecting build traces ...

Route (app)                                 Size  First Load JS
Γöî Γùï /                                    7.52 kB         138 kB
Γö£ Γùï /_not-found                            153 B         100 kB
Γö£ Γùï /admin                               19.4 kB         251 kB
Γö£ Γùï /admin/newsletter                    2.96 kB         121 kB
Γö£ Γùï /admin/settings                      4.02 kB         122 kB
Γö£ Γùï /admin/training                      3.98 kB         137 kB
Γö£ Γùï /agent/dashboard                      6.8 kB         144 kB
Γö£ Γùï /agent/my-id                         3.57 kB         185 kB
Γö£ Γùï /agent/register                      1.16 kB         101 kB
Γö£ Γùï /agent/training                      8.51 kB         270 kB
Γö£ Γùï /agents                              2.55 kB         112 kB
Γö£ ╞Æ /agents/[id]                          6.3 kB         247 kB
Γö£ ╞Æ /api/ai                                153 B         100 kB
Γö£ ╞Æ /api/leads                             153 B         100 kB
Γö£ ╞Æ /api/payhere/hash                      153 B         100 kB
Γö£ ╞Æ /api/payhere/notify                    153 B         100 kB
Γö£ Γùï /auth/forgot-password                2.42 kB         124 kB
Γö£ Γùï /auth/login                          4.16 kB         117 kB
Γö£ Γùï /auth/magic-link                     2.69 kB         124 kB
Γö£ Γùï /auth/magic-link/verify              2.06 kB         111 kB
Γö£ Γùï /auth/register                       4.27 kB         117 kB
Γö£ Γùï /auth/register/agent                 4.22 kB         123 kB
Γö£ Γùï /auth/reset-password                 3.02 kB         125 kB
Γö£ Γùï /become-agent                        3.88 kB         113 kB
Γö£ Γùï /blog                                2.98 kB         121 kB
Γö£ ╞Æ /blog/[slug]                         3.04 kB         121 kB
Γö£ Γùï /compare                             3.29 kB         122 kB
Γö£ Γùï /cookies                               169 B         104 kB
Γö£ Γùï /dashboard                           15.1 kB         260 kB
Γö£ Γùï /dashboard/leads                     5.85 kB         128 kB
Γö£ Γùï /dashboard/marketing                 3.77 kB         305 kB
Γö£ Γùï /dashboard/open-houses               4.16 kB         126 kB
Γö£ Γùï /dashboard/wallet                    4.52 kB         123 kB
Γö£ Γùï /faq                                 3.15 kB         112 kB
Γö£ Γùï /guides                              1.63 kB         120 kB
Γö£ ╞Æ /guides/[id]                         3.13 kB         107 kB
Γö£ Γùï /kyc                                 3.79 kB         122 kB
Γö£ Γùï /legal                               3.43 kB         116 kB
Γö£ Γùï /messages                            5.08 kB         123 kB
Γö£ Γùï /newsletter/verify                   2.02 kB         106 kB
Γö£ ╞Æ /pages/[slug]                        2.46 kB         115 kB
Γö£ Γùï /privacy                             1.82 kB         108 kB
Γö£ Γùï /profile                             9.17 kB         140 kB
Γö£ Γùï /properties                          4.99 kB         136 kB
Γö£ ╞Æ /properties/[id]                     19.8 kB         200 kB
Γö£ ╞Æ /properties/[id]/edit                6.69 kB         128 kB
Γö£ Γùï /properties/create                   15.3 kB         125 kB
Γö£ Γùï /robots.txt                            153 B         100 kB
Γö£ Γùï /sitemap.xml                           153 B         100 kB
Γö£ Γùï /terms                               2.05 kB         106 kB
Γö£ Γùï /tools/mortgage-calculator           2.53 kB         103 kB
Γö£ Γùï /vault                               5.99 kB         128 kB
Γö£ ╞Æ /verify-owner/[id]                   4.11 kB         122 kB
Γö£ ╞Æ /verify-owner/[id]/claim             1.99 kB         120 kB
Γö£ ╞Æ /verify-owner/[id]/failed            2.08 kB         106 kB
Γö£ ╞Æ /verify-owner/[id]/success           1.91 kB         106 kB
Γö£ ╞Æ /verify/agent/[id]                   3.83 kB         116 kB
Γöö Γùï /verify/otp                           2.2 kB         120 kB
+ First Load JS shared by all             100 kB
  Γö£ chunks/4bd1b696-cc729d47eba2cee4.js  54.1 kB
  Γö£ chunks/5964-909c2aa918bcc589.js      43.9 kB
  Γöö other shared chunks (total)          2.22 kB


Γùï  (Static)   prerendered as static content
╞Æ  (Dynamic)  server-rendered on demand

