   Γû▓ Next.js 15.4.8
   - Environments: .env.local

   Creating an optimized production build ...
node.exe : 
SyntaxError: Expected 
double-quoted 
property name in JSON 
at position 1094 
(line 38 column 1)
At line:1 char:1
+ & "C:\Program Files\
nodejs/node.exe" 
"C:\Program 
Files\nodejs/node_mo 
...
+ ~~~~~~~~~~~~~~~~~~~~
~~~~~~~~~~~~~~~~~~~~~~
~~~~~~~~~~~~~~~~~~~~~~
~~~~~
    + CategoryInfo    
          : NotSpeci  
  fied: (SyntaxErro   
 r: Ex...ne 38 col    
umn 1):String) []    
, RemoteException
    + FullyQualifiedE 
   rrorId : NativeCo  
  mmandError
 
    at JSON.parse 
(<anonymous>)
Failed to compile.

./src/components/dashb
oard/LeadCRM.jsx
Error:   [31mx[0m 
Merge conflict marker 
encountered.
    ,-[[36;1;4mC:\Use
rs\prabh\Videos\site-n
ew\site\src\components
\dashboard\LeadCRM.jsx
[0m:39:1]
 [2m36[0m |         
property_id: ''
 [2m37[0m |     });
 [2m38[0m | 
 [2m39[0m | <<<<<<< 
HEAD
    : 
[35;1m^^^^^^^[0m
 [2m40[0m |     
const initData = 
useCallback(async () 
=> {
 [2m41[0m |         
try {
 [2m41[0m |         
    setLoading(true);
    `----
  [31mx[0m Merge 
conflict marker 
encountered.
    ,-[[36;1;4mC:\Use
rs\prabh\Videos\site-n
ew\site\src\components
\dashboard\LeadCRM.jsx
[0m:84:1]
 [2m81[0m |         
    initData();
 [2m82[0m |         
}
 [2m83[0m |     }, 
[userId, initData]);
 [2m84[0m | =======
    : 
[35;1m^^^^^^^[0m
 [2m85[0m |     
useEffect(() => {
 [2m86[0m |         
const initData = 
async () => {
 [2m86[0m |         
    try {
    `----
  [31mx[0m Merge 
conflict marker 
encountered.
     ,-[[36;1;4mC:\Us
ers\prabh\Videos\site-
new\site\src\component
s\dashboard\LeadCRM.js
x[0m:129:1]
 [2m126[0m |        
     initData();
 [2m127[0m |        
 }
 [2m128[0m |     }, 
[userId]);
 [2m129[0m | 
>>>>>>> ced6621fe59b11
61996e305a12e4cb3821b4
ac5d
     : 
[35;1m^^^^^^^[0m
 [2m130[0m | 
 [2m131[0m |     
const 
handleCreateLead = 
async (e) => {
 [2m131[0m |        
 e.preventDefault();
     `----

Caused by:
    Syntax Error

Import trace for 
requested module:
./src/components/dashb
oard/LeadCRM.jsx
./src/app/dashboard/le
ads/page.js

./src/components/dashb
oard/MarketingTools.js
x
Error:   [31mx[0m 
Merge conflict marker 
encountered.
   ,-[[36;1;4mC:\User
s\prabh\Videos\site-ne
w\site\src\components\
dashboard\MarketingToo
ls.jsx[0m:4:1]
 [2m1[0m | 'use 
client';
 [2m2[0m | 
 [2m3[0m | import { 
useState, useEffect, 
useCallback } from 
'react';
 [2m4[0m | <<<<<<< 
HEAD
   : 
[35;1m^^^^^^^[0m
 [2m5[0m | import { 
databases } from 
'@/appwrite';
 [2m6[0m | import { 
DB_ID, 
COLLECTION_LISTINGS } 
from 
'@/appwrite/config';
 [2m6[0m | =======
   `----
  [31mx[0m Merge 
conflict marker 
encountered.
   ,-[[36;1;4mC:\User
s\prabh\Videos\site-ne
w\site\src\components\
dashboard\MarketingToo
ls.jsx[0m:7:1]
 [2m4[0m | <<<<<<< 
HEAD
 [2m5[0m | import { 
databases } from 
'@/appwrite';
 [2m6[0m | import { 
DB_ID, 
COLLECTION_LISTINGS } 
from 
'@/appwrite/config';
 [2m7[0m | =======
   : 
[35;1m^^^^^^^[0m
 [2m8[0m | import { 
databases } from 
'@/lib/appwrite';
 [2m9[0m | import { 
DB_ID, 
COLLECTION_LISTINGS } 
from 
'@/lib/constants';
 [2m9[0m | >>>>>>> c
ed6621fe59b1161996e305
a12e4cb3821b4ac5d
   `----
  [31mx[0m Merge 
conflict marker 
encountered.
    ,-[[36;1;4mC:\Use
rs\prabh\Videos\site-n
ew\site\src\components
\dashboard\MarketingTo
ols.jsx[0m:10:1]
 [2m 7[0m | =======
 [2m 8[0m | import 
{ databases } from 
'@/lib/appwrite';
 [2m 9[0m | import 
{ DB_ID, 
COLLECTION_LISTINGS } 
from 
'@/lib/constants';
 [2m10[0m | >>>>>>> 
ced6621fe59b1161996e30
5a12e4cb3821b4ac5d
    : 
[35;1m^^^^^^^[0m
 [2m11[0m | import 
{ Query } from 
'appwrite';
 [2m12[0m | import 
{ toast } from 
'sonner';
 [2m12[0m | import {
    `----
  [31mx[0m Merge 
conflict marker 
encountered.
     ,-[[36;1;4mC:\Us
ers\prabh\Videos\site-
new\site\src\component
s\dashboard\MarketingT
ools.jsx[0m:163:1]
 [2m160[0m |        
                     
<div 
className="w-full 
h-[400px] relative">
 [2m161[0m |        
                      
   {/* eslint-disable-
next-line @next/next/n
o-img-element */}
 [2m162[0m |        
                      
   {selectedListing.im
ages && selectedListin
g.images[0] ? (
 [2m163[0m | 
<<<<<<< HEAD
     : 
[35;1m^^^^^^^[0m
 [2m164[0m |        
                      
       <img
 [2m165[0m |        
                      
           src={select
edListing.images[0]}
 [2m165[0m |        
                      
           alt={select
edListing.title || 
'Property image'}
     `----
  [31mx[0m Merge 
conflict marker 
encountered.
     ,-[[36;1;4mC:\Us
ers\prabh\Videos\site-
new\site\src\component
s\dashboard\MarketingT
ools.jsx[0m:170:1]
 [2m167[0m |        
                      
           
className="w-full 
h-full object-cover"
 [2m168[0m |        
                      
           crossOrigin
="anonymous"
 [2m169[0m |        
                      
       />
 [2m170[0m | =======
     : 
[35;1m^^^^^^^[0m
 [2m171[0m |        
                      
       <div 
className="w-full 
h-full relative">
 [2m172[0m |        
                      
           {selectedLi
sting.images[0] && 
typeof selectedListing
.images[0] === 
'string' && selectedLi
sting.images[0].trim()
 !== '' ? (
 [2m172[0m |        
                      
               <Image
     `----
  [31mx[0m Expected 
'</', got 'className'
     ,-[[36;1;4mC:\Us
ers\prabh\Videos\site-
new\site\src\component
s\dashboard\MarketingT
ools.jsx[0m:171:1]
 [2m168[0m |        
                      
           crossOrigin
="anonymous"
 [2m169[0m |        
                      
       />
 [2m170[0m | =======
 [2m171[0m |        
                      
       <div 
className="w-full 
h-full relative">
     : [35;1m        
                      
           
^^^^^^^^^[0m
 [2m172[0m |        
                      
           {selectedLi
sting.images[0] && 
typeof selectedListing
.images[0] === 
'string' && selectedLi
sting.images[0].trim()
 !== '' ? (
 [2m173[0m |        
                      
               <Image
 [2m173[0m |        
                      
                   src
={selectedListing.imag
es[0]}
     `----

Caused by:
    Syntax Error

Import trace for 
requested module:
./src/components/dashb
oard/MarketingTools.js
x
./src/app/dashboard/ma
rketing/page.js

./src/components/dashb
oard/OpenHouseSchedule
r.jsx
Error:   [31mx[0m 
Merge conflict marker 
encountered.
   ,-[[36;1;4mC:\User
s\prabh\Videos\site-ne
w\site\src\components\
dashboard\OpenHouseSch
eduler.jsx[0m:4:1]
 [2m1[0m | 'use 
client';
 [2m2[0m | 
 [2m3[0m | import { 
useState, useEffect, 
useCallback } from 
'react';
 [2m4[0m | <<<<<<< 
HEAD
   : 
[35;1m^^^^^^^[0m
 [2m5[0m | import { 
databases } from 
'@/appwrite';
 [2m6[0m | import { 
DB_ID, 
COLLECTION_LISTINGS } 
from 
'@/appwrite/config';
 [2m6[0m | =======
   `----
  [31mx[0m Merge 
conflict marker 
encountered.
   ,-[[36;1;4mC:\User
s\prabh\Videos\site-ne
w\site\src\components\
dashboard\OpenHouseSch
eduler.jsx[0m:7:1]
 [2m4[0m | <<<<<<< 
HEAD
 [2m5[0m | import { 
databases } from 
'@/appwrite';
 [2m6[0m | import { 
DB_ID, 
COLLECTION_LISTINGS } 
from 
'@/appwrite/config';
 [2m7[0m | =======
   : 
[35;1m^^^^^^^[0m
 [2m8[0m | import { 
databases } from 
'@/lib/appwrite';
 [2m9[0m | import { 
DB_ID, 
COLLECTION_LISTINGS } 
from 
'@/lib/constants';
 [2m9[0m | >>>>>>> c
ed6621fe59b1161996e305
a12e4cb3821b4ac5d
   `----
  [31mx[0m Merge 
conflict marker 
encountered.
    ,-[[36;1;4mC:\Use
rs\prabh\Videos\site-n
ew\site\src\components
\dashboard\OpenHouseSc
heduler.jsx[0m:10:1]
 [2m 7[0m | =======
 [2m 8[0m | import 
{ databases } from 
'@/lib/appwrite';
 [2m 9[0m | import 
{ DB_ID, 
COLLECTION_LISTINGS } 
from 
'@/lib/constants';
 [2m10[0m | >>>>>>> 
ced6621fe59b1161996e30
5a12e4cb3821b4ac5d
    : 
[35;1m^^^^^^^[0m
 [2m11[0m | import 
{ Query, ID } from 
'appwrite';
 [2m12[0m | import 
{ toast } from 
'sonner';
 [2m12[0m | import {
    `----

Caused by:
    Syntax Error

Import trace for 
requested module:
./src/components/dashb
oard/OpenHouseSchedule
r.jsx
./src/app/dashboard/op
en-houses/page.js

./src/components/prope
rty/PropertyCard.jsx
Error:   [31mx[0m 
Merge conflict marker 
encountered.
   ,-[[36;1;4mC:\User
s\prabh\Videos\site-ne
w\site\src\components\
property\PropertyCard.
jsx[0m:3:1]
 [2m1[0m | "use 
client";
 [2m2[0m | 
 [2m3[0m | <<<<<<< 
HEAD
   : 
[35;1m^^^^^^^[0m
 [2m4[0m | import { 
useState } from 
"react";
 [2m5[0m | import 
Link from "next/link";
 [2m5[0m | import 
Image from 
"next/image";
   `----
  [31mx[0m Merge 
conflict marker 
encountered.
    ,-[[36;1;4mC:\Use
rs\prabh\Videos\site-n
ew\site\src\components
\property\PropertyCard
.jsx[0m:18:1]
 [2m15[0m |   
MessageCircle,
 [2m16[0m | } from 
"lucide-react";
 [2m17[0m | import 
{ useComparison } 
from "@/context/Compar
isonContext";
 [2m18[0m | =======
    : 
[35;1m^^^^^^^[0m
 [2m19[0m | import 
{ useState } from 
'react';
 [2m20[0m | import 
Link from 'next/link';
 [2m20[0m | import 
Image from 
'next/image';
    `----
  [31mx[0m Merge 
conflict marker 
encountered.
    ,-[[36;1;4mC:\Use
rs\prabh\Videos\site-n
ew\site\src\components
\property\PropertyCard
.jsx[0m:25:1]
 [2m22[0m | import 
{ MapPin, Heart, 
BedDouble, Bath, 
Square, Move, Scale, 
MessageCircle } from 
'lucide-react';
 [2m23[0m | import 
{ useComparison } 
from '@/context/Compar
isonContext';
 [2m24[0m | import 
{ APPWRITE_ENDPOINT } 
from 
'@/lib/constants';
 [2m25[0m | >>>>>>> 
ced6621fe59b1161996e30
5a12e4cb3821b4ac5d
    : 
[35;1m^^^^^^^[0m
 [2m26[0m | 
 [2m27[0m | export 
function 
PropertyCard({ 
property }) {
 [2m27[0m |   const 
{ addToCompare, 
compareList } = 
useComparison() || {};
    `----
  [31mx[0m Merge 
conflict marker 
encountered.
    ,-[[36;1;4mC:\Use
rs\prabh\Videos\site-n
ew\site\src\components
\property\PropertyCard
.jsx[0m:46:1]
 [2m43[0m | 
 [2m44[0m |   const 
isInCompare = 
compareList?.some((p) 
=> p.$id === $id);
 [2m45[0m | 
 [2m46[0m | <<<<<<< 
HEAD
    : 
[35;1m^^^^^^^[0m
 [2m47[0m |   // 
Smart image 
extraction: Try 
primary_image, then 
images array, then 
fallback
 [2m48[0m |   const 
getImageUrl = () => {
 [2m48[0m |     
const fallback =
    `----
  [31mx[0m Merge 
conflict marker 
encountered.
    ,-[[36;1;4mC:\Use
rs\prabh\Videos\site-n
ew\site\src\components
\property\PropertyCard
.jsx[0m:56:1]
 [2m53[0m |       "h
ttps://sgp.cloud.appwr
ite.io/v1";
 [2m54[0m |     
const projectId = proc
ess.env.NEXT_PUBLIC_AP
PWRITE_PROJECT_ID || 
"landsalelkproject";
 [2m55[0m |     
const bucketId = 
"listing_images"; // 
Correct bucket ID
 [2m56[0m | =======
    : 
[35;1m^^^^^^^[0m
 [2m57[0m |     // 
Smart image 
extraction: Try 
primary_image, then 
images array, then 
fallback
 [2m58[0m |     
const getImageUrl = 
() => {
 [2m58[0m |         
const fallback = "http
s://images.unsplash.co
m/photo-1600596542815-
2a429b05e6ca?q=80&w=20
72";
    `----
  [31mx[0m Merge 
conflict marker 
encountered.
    ,-[[36;1;4mC:\Use
rs\prabh\Videos\site-n
ew\site\src\components
\property\PropertyCard
.jsx[0m:63:1]
 [2m60[0m |         
const endpoint = 
APPWRITE_ENDPOINT;
 [2m61[0m |         
const projectId = proc
ess.env.NEXT_PUBLIC_AP
PWRITE_PROJECT_ID;
 [2m62[0m |         
const bucketId = 
'listing_images'; // 
Correct bucket ID
 [2m63[0m | >>>>>>> 
ced6621fe59b1161996e30
5a12e4cb3821b4ac5d
    : 
[35;1m^^^^^^^[0m
 [2m64[0m | 
 [2m65[0m |     
const resolveUrl = 
(val) => {
 [2m65[0m |       
if (!val) return null;
    `----
  [31mx[0m 
Expression expected
     ,-[[36;1;4mC:\Us
ers\prabh\Videos\site-
new\site\src\component
s\property\PropertyCar
d.jsx[0m:261:1]
 [2m258[0m |        
     </p>
 [2m259[0m |        
   </div>
 [2m260[0m | 
 [2m261[0m | 
<<<<<<< HEAD
     : [35;1m ^^[0m
 [2m262[0m |        
   <div 
className="mb-2 
md:mb-3">
 [2m263[0m |        
     <h3 className="gr
oup-hover:text-primary
-600 line-clamp-2 
text-sm leading-tight 
font-bold 
text-slate-800 
transition-colors 
md:line-clamp-1 
md:text-lg">
 [2m263[0m |        
       {displayTitle}
     `----
  [31mx[0m 
Expression expected
     ,-[[36;1;4mC:\Us
ers\prabh\Videos\site-
new\site\src\component
s\property\PropertyCar
d.jsx[0m:261:1]
 [2m258[0m |        
     </p>
 [2m259[0m |        
   </div>
 [2m260[0m | 
 [2m261[0m | 
<<<<<<< HEAD
     : [35;1m   
^^[0m
 [2m262[0m |        
   <div 
className="mb-2 
md:mb-3">
 [2m263[0m |        
     <h3 className="gr
oup-hover:text-primary
-600 line-clamp-2 
text-sm leading-tight 
font-bold 
text-slate-800 
transition-colors 
md:line-clamp-1 
md:text-lg">
 [2m263[0m |        
       {displayTitle}
     `----
  [31mx[0m 
Expression expected
     ,-[[36;1;4mC:\Us
ers\prabh\Videos\site-
new\site\src\component
s\property\PropertyCar
d.jsx[0m:261:1]
 [2m258[0m |        
     </p>
 [2m259[0m |        
   </div>
 [2m260[0m | 
 [2m261[0m | 
<<<<<<< HEAD
     : [35;1m     
^^[0m
 [2m262[0m |        
   <div 
className="mb-2 
md:mb-3">
 [2m263[0m |        
     <h3 className="gr
oup-hover:text-primary
-600 line-clamp-2 
text-sm leading-tight 
font-bold 
text-slate-800 
transition-colors 
md:line-clamp-1 
md:text-lg">
 [2m263[0m |        
       {displayTitle}
     `----
  [31mx[0m Expected 
a semicolon
     ,-[[36;1;4mC:\Us
ers\prabh\Videos\site-
new\site\src\component
s\property\PropertyCar
d.jsx[0m:262:1]
 [2m259[0m |        
   </div>
 [2m260[0m | 
 [2m261[0m | 
<<<<<<< HEAD
 [2m262[0m |        
   <div 
className="mb-2 
md:mb-3">
     : [35;1m        
       ^^^^^^^^^[0m
 [2m263[0m |        
     <h3 className="gr
oup-hover:text-primary
-600 line-clamp-2 
text-sm leading-tight 
font-bold 
text-slate-800 
transition-colors 
md:line-clamp-1 
md:text-lg">
 [2m264[0m |        
       {displayTitle}
 [2m264[0m |        
     </h3>
     `----
  [31mx[0m Expected 
';', '}' or <eof>
     ,-[[36;1;4mC:\Us
ers\prabh\Videos\site-
new\site\src\component
s\property\PropertyCar
d.jsx[0m:267:1]
 [2m264[0m |        
           
{displayTitle}
 [2m265[0m |        
         </h3>
 [2m266[0m |        
         <div 
className="mt-1.5 
flex items-center 
text-xs font-medium 
text-slate-500 
md:text-sm">
 [2m267[0m | [35;1m
,[0m[35;1m-[0m[35;
1m>[0m               
<MapPin className="tex
t-primary-400 mr-1 
h-3 w-3 flex-shrink-0 
md:h-4 md:w-4" />
 [2m268[0m | [35;1m
|[0m[35;1m-[0m[35;
1m>[0m               
<span className="trunc
ate">{displayLocation}
</span>
     : [35;1m`[0m[3
5;1m---[0m[33;1m    
                
^^^^^^^^^[0m
     : [35;1m`[0m[3
5;1m---[0m[35;1m-[0
m [35;1mThis is the 
expression part of an 
expression 
statement[0m
 [2m269[0m |     
=======
 [2m270[0m |     
 [2m270[0m |        
 const formatPrice = 
(val, cur) => {
     `----

Caused by:
    Syntax Error

Import trace for 
requested module:
./src/components/prope
rty/PropertyCard.jsx
./src/app/properties/p
age.js

./src/lib/properties.j
s
Error:   [31mx[0m 
Merge conflict marker 
encountered.
     ,-[[36;1;4mC:\Us
ers\prabh\Videos\site-
new\site\src\lib\prope
rties.js[0m:161:1]
 [2m158[0m |     
try {
 [2m159[0m |        
 const user = await 
account.get();
 [2m160[0m | 
 [2m161[0m | 
<<<<<<< HEAD
     : 
[35;1m^^^^^^^[0m
 [2m162[0m |        
 // Ensure required 
"slug" exists and is 
URL-safe.
 [2m163[0m |        
 const slugify = (str 
= '') => str
 [2m163[0m |        
     .toString()
     `----
  [31mx[0m Merge 
conflict marker 
encountered.
     ,-[[36;1;4mC:\Us
ers\prabh\Videos\site-
new\site\src\lib\prope
rties.js[0m:199:1]
 [2m196[0m |        
     status: 
data.status || 
'active',
 [2m197[0m |        
     user_id: user.$id
 [2m198[0m |        
 };
 [2m199[0m | =======
     : 
[35;1m^^^^^^^[0m
 [2m200[0m |        
 // Generate 
verification code if 
owner_phone is 
provided
 [2m201[0m |        
 let 
verification_code = 
null;
 [2m201[0m |        
 let status = 
'active';
     `----
  [31mx[0m Merge 
conflict marker 
encountered.
     ,-[[36;1;4mC:\Us
ers\prabh\Videos\site-
new\site\src\lib\prope
rties.js[0m:208:1]
 [2m205[0m |        
     
verification_code = Ma
th.random().toString(3
6).substring(2, 
8).toUpperCase();
 [2m206[0m |        
     status = 
'pending_owner'; // 
Requires owner 
verification
 [2m207[0m |        
 }
 [2m208[0m | 
>>>>>>> ced6621fe59b11
61996e305a12e4cb3821b4
ac5d
     : 
[35;1m^^^^^^^[0m
 [2m209[0m | 
 [2m210[0m |        
 const doc = await dat
abases.createDocument(
 [2m210[0m |        
     DB_ID,
     `----
  [31mx[0m Merge 
conflict marker 
encountered.
     ,-[[36;1;4mC:\Us
ers\prabh\Videos\site-
new\site\src\lib\prope
rties.js[0m:214:1]
 [2m211[0m |        
     DB_ID,
 [2m212[0m |        
     
COLLECTION_LISTINGS,
 [2m213[0m |        
     ID.unique(),
 [2m214[0m | 
<<<<<<< HEAD
     : 
[35;1m^^^^^^^[0m
 [2m215[0m |        
     payload
 [2m216[0m | =======
 [2m216[0m |        
     {
     `----
  [31mx[0m Merge 
conflict marker 
encountered.
     ,-[[36;1;4mC:\Us
ers\prabh\Videos\site-
new\site\src\lib\prope
rties.js[0m:216:1]
 [2m213[0m |        
     ID.unique(),
 [2m214[0m | 
<<<<<<< HEAD
 [2m215[0m |        
     payload
 [2m216[0m | =======
     : 
[35;1m^^^^^^^[0m
 [2m217[0m |        
     {
 [2m218[0m |        
         ...data,
 [2m218[0m |        
         user_id: 
user.$id,
     `----
  [31mx[0m Expected 
',', got '{'
     ,-[[36;1;4mC:\Us
ers\prabh\Videos\site-
new\site\src\lib\prope
rties.js[0m:216:1]
 [2m213[0m |        
         ID.unique(),
 [2m214[0m |     
<<<<<<< HEAD
 [2m215[0m |        
         payload
 [2m216[0m | [35;1m
,[0m[35;1m-[0m[35;
1m>[0m =======
 [2m217[0m | [35;1m
`[0m[35;1m-[0m[35;
1m>[0m             {
 [2m218[0m |        
             ...data,
 [2m219[0m |        
             user_id: 
user.$id,
 [2m219[0m |        
             
created_at: new 
Date().toISOString(),
     `----

Caused by:
    Syntax Error

Import trace for 
requested module:
./src/lib/properties.j
s
./src/app/profile/page
.js


> Build failed 
because of webpack 
errors
