node.exe : [1A[2K[2m[WebServer] [22m [33m[1mΓÜá[22m[39m Warning: Next.js inferred your workspace root, but it may not be correct.
At line:1 char:1
+ & "C:\Program Files\nodejs/node.exe" "C:\Program Files\nodejs/node_mo ...
+ ~~~~~~~~~~~~~~~~~~~~~~~~~~~~~~~~~~~~~~~~~~~~~~~~~~~~~~~~~~~~~~~~~~~~~
    + CategoryInfo          : NotSpecified: ([1A[2K[2m[We...not be correct.:String) [], RemoteException
    + FullyQualifiedErrorId : NativeCommandError
 
[2m[WebServer] [22m We detected multiple lockfiles and selected the directory of C:\Users\prabh\Videos\site-new\package-lock.json as the root directory.
[2m[WebServer] [22m To silence this warning, set `outputFileTracingRoot` in your Next.js config, or consider removing one of the lockfiles if it's not needed.
[2m[WebServer] [22m   See https://nextjs.org/docs/app/api-reference/config/next-config-js/output#caveats for more information.
[2m[WebServer] [22m Detected additional lockfiles: 
[2m[WebServer] [22m   * C:\Users\prabh\Videos\site-new\site\package-lock.json
[2m[WebServer] [22m


Running 1 test using 1 worker

[1A[2K[1/1] [chromium] ΓÇ║ tests\e2e\smoke.spec.js:16:9 ΓÇ║ Critical Path Smoke Tests ΓÇ║ Navigation menu contains key links
[1A[2K  1) [chromium] ΓÇ║ tests\e2e\smoke.spec.js:16:9 ΓÇ║ Critical Path Smoke Tests ΓÇ║ Navigation menu contains key links 

    Error: [2mexpect([22m[31mlocator[39m[2m).[22mtoBeVisible[2m([22m[2m)[22m failed

    Locator: getByRole('link', { name: 'Buy' })
    Expected: visible
    Timeout: 5000ms
    Error: element(s) not found

    Call log:
    [2m  - Expect "toBeVisible" with timeout 5000ms[22m
    [2m  - waiting for getByRole('link', { name: 'Buy' })[22m


      18 |
      19 |         // Check navigation links exist
    > 20 |         await expect(page.getByRole('link', { name: 'Buy' })).toBeVisible();
         |                                                               ^
      21 |         await expect(page.getByRole('link', { name: 'Rent' })).toBeVisible();
      22 |         await expect(page.getByRole('link', { name: 'Lands' })).toBeVisible();
      23 |     });
        at C:\Users\prabh\Videos\site-new\site\tests\e2e\smoke.spec.js:20:63

    attachment #1: screenshot (image/png) ΓöÇΓöÇΓöÇΓöÇΓöÇΓöÇΓöÇΓöÇΓöÇΓöÇΓöÇΓöÇΓöÇΓöÇΓöÇΓöÇΓöÇΓöÇΓöÇΓöÇΓöÇΓöÇΓöÇΓöÇΓöÇΓöÇΓöÇΓöÇΓöÇΓöÇΓöÇΓöÇΓöÇΓöÇΓöÇΓöÇΓöÇΓöÇΓöÇΓöÇΓöÇΓöÇΓöÇΓöÇΓöÇΓöÇΓöÇΓöÇΓöÇΓöÇΓöÇΓöÇΓöÇΓöÇΓöÇΓöÇΓöÇΓöÇ
    test-results\smoke-Critical-Path-Smoke--1c116-ion-menu-contains-key-links-chromium\test-failed-1.png
    ΓöÇΓöÇΓöÇΓöÇΓöÇΓöÇΓöÇΓöÇΓöÇΓöÇΓöÇΓöÇΓöÇΓöÇΓöÇΓöÇΓöÇΓöÇΓöÇΓöÇΓöÇΓöÇΓöÇΓöÇΓöÇΓöÇΓöÇΓöÇΓöÇΓöÇΓöÇΓöÇΓöÇΓöÇΓöÇΓöÇΓöÇΓöÇΓöÇΓöÇΓöÇΓöÇΓöÇΓöÇΓöÇΓöÇΓöÇΓöÇΓöÇΓöÇΓöÇΓöÇΓöÇΓöÇΓöÇΓöÇΓöÇΓöÇΓöÇΓöÇΓöÇΓöÇΓöÇΓöÇΓöÇΓöÇΓöÇΓöÇΓöÇΓöÇΓöÇΓöÇΓöÇΓöÇΓöÇΓöÇΓöÇΓöÇΓöÇΓöÇΓöÇΓöÇΓöÇΓöÇΓöÇΓöÇΓöÇΓöÇΓöÇΓöÇΓöÇΓöÇΓöÇΓöÇΓöÇΓöÇ

    Error Context: test-results\smoke-Critical-Path-Smoke--1c116-ion-menu-contains-key-links-chromium\error-context.md


[1A[2K  1 failed
    [chromium] ΓÇ║ tests\e2e\smoke.spec.js:16:9 ΓÇ║ Critical Path Smoke Tests ΓÇ║ Navigation menu contains key links 

[36m  Serving HTML report at http://localhost:62751. Press Ctrl+C to quit.[39m
